[www.koneksistudio.com/index.html]
[backblue.gif]
[fade.gif]
[index.html]
[www.koneksistudio.com/images/favicon/img_6DTxJyn.png]
[www.koneksistudio.com/templates/assets/css/bootstrap.min.css]
[www.koneksistudio.com/templates/assets/css/styles.css]
[www.koneksistudio.com/templates/assets/css/custom-168b3.css]
[www.koneksistudio.com/templates/assets/plugins/slick/slick-theme.css]
[www.koneksistudio.com/templates/assets/plugins/slick/slick.css]
[www.koneksistudio.com/templates/assets/css/lightbox.min.css]
[www.koneksistudio.com/templates/assets/css/bootstrap-slider.css]
[www.koneksistudio.com/templates/assets/css/bootstrap-slider.min.css]
[www.koneksistudio.com/templates/assets/aos/aos.css]
[cdnjs.cloudflare.com/ajax/libs/font-awesome/5.15.4/css/all.min.css]
[www.koneksistudio.com/assets/js/jquery.min.js]
[www.koneksistudio.com/images/logo/img_4EnMpTN.png]
[www.koneksistudio.com/images/slide/img_9pV5Hwc.jpg]
[www.koneksistudio.com/images/slide/img_hmeEoRD.jpg]
[www.koneksistudio.com/images/slide/img_HBQ5JcT.jpg]
[www.koneksistudio.com/images/slide/img_YsCUgW5.jpg]
[www.koneksistudio.com/images/slide/img_mqW4J3x.jpg]
[www.koneksistudio.com/images/studio/s1.jpg]
[www.koneksistudio.com/images/studio/sm1.jpg]
[www.koneksistudio.com/bookingf5dd.html]
[www.koneksistudio.com/images/studio/retro_d.jpg]
[www.koneksistudio.com/images/studio/retro_m.jpg]
[www.koneksistudio.com/bookingfbde.html]
[www.koneksistudio.com/images/studio/d-red.jpg]
[www.koneksistudio.com/booking792d.html]
[www.koneksistudio.com/service/couple-self-portrait.html]
[www.koneksistudio.com/images/icon/img_EcAjtkD.png]
[www.koneksistudio.com/service/group-self-portrait.html]
[www.koneksistudio.com/images/icon/img_wtXlfRQ.png]
[www.koneksistudio.com/service/graduation.html]
[www.koneksistudio.com/images/icon/img_yaLFp0X.png]
[www.koneksistudio.com/service/paket-family.html]
[www.koneksistudio.com/images/icon/img_9WObzgq.png]
[www.koneksistudio.com/images/testimoni/img_LA8PBRp.jpg]
[www.koneksistudio.com/images/testimoni/img_0WqKdxl.jpg]
[www.koneksistudio.com/images/testimoni/img_zaI8Ke3.jpg]
[www.koneksistudio.com/images/icon/img_hR6Yrzk.jpg]
[www.koneksistudio.com/images/icon/img_XdiSjAF.jpg]
[www.koneksistudio.com/images/icon/img_tkrih6a.jpg]
[www.koneksistudio.com/images/icon/img_lRTfax3.jpg]
[www.koneksistudio.com/icon/wa.png]
[www.koneksistudio.com/templates/assets/lightbox/lightbox-plus-jquery.min.js]
[www.koneksistudio.com/templates/assets/js/jquery-1.11.2.min.js]
[www.koneksistudio.com/templates/assets/js/bootstrap.min.js]
[www.koneksistudio.com/templates/assets/js/jquery.peekabar.min.js]
[www.koneksistudio.com/templates/assets/js/script.js]
[www.koneksistudio.com/templates/assets/plugins/slick/slick.min.js]
[www.koneksistudio.com/templates/assets/js/bootstrap-slider.min.js]
[www.koneksistudio.com/templates/assets/aos/aos.js]
[www.koneksistudio.com/index.html]
[www.koneksistudio.com/templates/assets/css/bootstrap.min.css]
[www.koneksistudio.com/templates/assets/images/pendaftaran-bg.html]
[cdnjs.cloudflare.com/ajax/libs/font-awesome/5.15.4/js/all.min.js]
[www.koneksistudio.com/templates/assets/images/divider.png]
[www.koneksistudio.com/templates/assets/css/styles.css]
[www.koneksistudio.com/templates/assets/css/bg-biru.jpg]
[www.koneksistudio.com/templates/assets/css/bg2.png]
[www.koneksistudio.com/templates/assets/css/bg3.png]
[www.koneksistudio.com/templates/assets/css/bg4.html]
[www.koneksistudio.com/templates/assets/css/custom-168b3.css]
[www.koneksistudio.com/img/bg/bg-1-1.html]
[www.koneksistudio.com/templates/assets/plugins/slick/ajax-loader.gif]
[www.koneksistudio.com/templates/assets/plugins/slick/fonts/slick.eot]
[www.koneksistudio.com/templates/assets/plugins/slick/fonts/slickd41d.eot]
[www.koneksistudio.com/templates/assets/plugins/slick/fonts/slick.woff]
[www.koneksistudio.com/templates/assets/plugins/slick/fonts/slick.ttf]
[www.koneksistudio.com/templates/assets/plugins/slick/slick-theme.css]
[www.koneksistudio.com/templates/assets/plugins/slick/slick.css]
[www.koneksistudio.com/templates/assets/plugins/slick/fonts/slick.svg]
[www.koneksistudio.com/templates/assets/css/lightbox.min.css]
[www.koneksistudio.com/templates/assets/css/bootstrap-slider.css]
[www.koneksistudio.com/templates/assets/css/bootstrap-slider.min.css]
[www.koneksistudio.com/templates/assets/aos/aos.css]
[cdnjs.cloudflare.com/ajax/libs/font-awesome/5.15.4/css/all.min.css]
[www.koneksistudio.com/bookingf5dd.html]
[www.koneksistudio.com/bookingfbde.html]
[www.koneksistudio.com/booking792d.html]
[www.koneksistudio.com/templates/assets/images/loading.html]
[www.koneksistudio.com/images/slide/img_T53cZNP.jpg]
[www.koneksistudio.com/images/slide/img_gd6j1UI.jpg]
[www.koneksistudio.com/images/foto_produk/img_bMiqGOk.jpg]
[www.koneksistudio.com/images/foto_produk/img_AynKlLq.jpg]
[www.koneksistudio.com/images/foto_produk/img_lX2fu5n.jpg]
[www.koneksistudio.com/images/foto_produk/img_y5KNF0R.jpg]
[www.koneksistudio.com/images/foto_produk/img_v6Ns5ez.jpg]
[www.koneksistudio.com/images/foto_produk/img_JVKhsCH.jpg]
[www.koneksistudio.com/images/foto_produk/img_IL407kn.jpg]
[www.koneksistudio.com/images/foto_produk/img_Xhn0IZ9.jpg]
[www.koneksistudio.com/service/couple-self-portrait.html]
[www.koneksistudio.com/images/foto_produk/img_yCaNIok.jpg]
[www.koneksistudio.com/images/foto_produk/img_9WmAfBO.jpg]
[www.koneksistudio.com/images/foto_produk/img_rbvVK2I.jpg]
[www.koneksistudio.com/images/foto_produk/img_tBvGuYV.jpg]
[www.koneksistudio.com/images/foto_produk/img_S6uaYVX.jpg]
[www.koneksistudio.com/service/group-self-portrait.html]
[www.koneksistudio.com/images/foto_produk/img_vhcLZxn.jpg]
[www.koneksistudio.com/images/foto_produk/img_hkwicCO.jpg]
[www.koneksistudio.com/images/foto_produk/img_YnFOIsS.jpg]
[www.koneksistudio.com/images/foto_produk/img_djAbh9r.jpg]
[www.koneksistudio.com/images/foto_produk/img_iCbrfje.jpg]
[www.koneksistudio.com/images/foto_produk/img_tT7E2ZS.jpg]
[www.koneksistudio.com/service/graduation.html]
[www.koneksistudio.com/images/foto_produk/img_xBL27EW.jpg]
[www.koneksistudio.com/images/foto_produk/img_YBlZaeR.jpg]
[www.koneksistudio.com/images/foto_produk/img_1hjmwpD.jpg]
[www.koneksistudio.com/images/foto_produk/img_Yag2Mem.jpg]
[www.koneksistudio.com/images/foto_produk/img_namE9NT.jpg]
[www.koneksistudio.com/images/foto_produk/img_mvZjDSz.jpg]
[www.koneksistudio.com/service/paket-family.html]
[www.koneksistudio.com/templates/assets/images/pendaftaran-bg.html]
[www.koneksistudio.com/templates/assets/css/bg4.html]
[www.koneksistudio.com/img/bg/bg-1-1.html]
[www.koneksistudio.com/templates/assets/plugins/slick/fonts/slick.svg]
[www.koneksistudio.com/templates/assets/images/loading.html]
